  console.log
    Testing V3 Grader against 3 Master seeds...

      at Object.log (utils/v2/__tests__/grading_v3.test.ts:18:17)

  console.log
      Step: Hidden Single, Weight: 1.2

      at Function.log [as resolve] (utils/v2/solver-v3.ts:57:29)
          at Array.forEach (<anonymous>)

  console.log
      Step: Hidden Single, Weight: 1.2

      at Function.log [as resolve] (utils/v2/solver-v3.ts:57:29)
          at Array.forEach (<anonymous>)

  console.log
      Step: Pointing Pair, Weight: 2.6

      at Function.log [as resolve] (utils/v2/solver-v3.ts:57:29)
          at Array.forEach (<anonymous>)

  console.log
      Step: Pointing Pair, Weight: 2.6

      at Function.log [as resolve] (utils/v2/solver-v3.ts:57:29)
          at Array.forEach (<anonymous>)

  console.log
      Step: Pointing Pair, Weight: 2.6

      at Function.log [as resolve] (utils/v2/solver-v3.ts:57:29)
          at Array.forEach (<anonymous>)

  console.log
      Step: Naked Single, Weight: 2.3

      at Function.log [as resolve] (utils/v2/solver-v3.ts:57:29)
          at Array.forEach (<anonymous>)

  console.log
      Step: Pointing Pair, Weight: 2.6

      at Function.log [as resolve] (utils/v2/solver-v3.ts:57:29)
          at Array.forEach (<anonymous>)

  console.log
      Step: AIC (Length 5), Weight: 6.2

      at Function.log [as resolve] (utils/v2/solver-v3.ts:57:29)
          at Array.forEach (<anonymous>)

  console.log
      Step: Naked Single, Weight: 2.3

      at Function.log [as resolve] (utils/v2/solver-v3.ts:57:29)
          at Array.forEach (<anonymous>)

  console.log
      Step: Naked Single, Weight: 2.3

      at Function.log [as resolve] (utils/v2/solver-v3.ts:57:29)
          at Array.forEach (<anonymous>)

  console.log
      Step: Pointing Pair, Weight: 2.6

      at Function.log [as resolve] (utils/v2/solver-v3.ts:57:29)
          at Array.forEach (<anonymous>)

  console.log
      Step: Empty Rectangle, Weight: 6

      at Function.log [as resolve] (utils/v2/solver-v3.ts:57:29)
          at Array.forEach (<anonymous>)

  console.log
      Step: Hidden Single, Weight: 1.2

      at Function.log [as resolve] (utils/v2/solver-v3.ts:57:29)
          at Array.forEach (<anonymous>)

  console.log
      Step: Empty Rectangle, Weight: 6

      at Function.log [as resolve] (utils/v2/solver-v3.ts:57:29)
          at Array.forEach (<anonymous>)

  console.log
      Step: X-Chain, Weight: 6.5

      at Function.log [as resolve] (utils/v2/solver-v3.ts:57:29)
          at Array.forEach (<anonymous>)

  console.log
      Step: Hidden Single, Weight: 1.2

      at Function.log [as resolve] (utils/v2/solver-v3.ts:57:29)
          at Array.forEach (<anonymous>)

  console.log
      Step: Naked Single, Weight: 2.3

      at Function.log [as resolve] (utils/v2/solver-v3.ts:57:29)
          at Array.forEach (<anonymous>)

  console.log
      Step: Hidden Single, Weight: 1.2

      at Function.log [as resolve] (utils/v2/solver-v3.ts:57:29)
          at Array.forEach (<anonymous>)

  console.log
      Step: Pointing Pair, Weight: 2.6

      at Function.log [as resolve] (utils/v2/solver-v3.ts:57:29)
          at Array.forEach (<anonymous>)

  console.log
      Step: Empty Rectangle, Weight: 6

      at Function.log [as resolve] (utils/v2/solver-v3.ts:57:29)
          at Array.forEach (<anonymous>)

  console.log
      Step: Hidden Single, Weight: 1.2

      at Function.log [as resolve] (utils/v2/solver-v3.ts:57:29)
          at Array.forEach (<anonymous>)

  console.log
      Step: Empty Rectangle, Weight: 6

      at Function.log [as resolve] (utils/v2/solver-v3.ts:57:29)
          at Array.forEach (<anonymous>)

  console.log
      Step: Hidden Single, Weight: 1.2

      at Function.log [as resolve] (utils/v2/solver-v3.ts:57:29)
          at Array.forEach (<anonymous>)

  console.log
      Step: Empty Rectangle, Weight: 6

      at Function.log [as resolve] (utils/v2/solver-v3.ts:57:29)
          at Array.forEach (<anonymous>)

  console.log
      Step: AIC (Length 4), Weight: 6

      at Function.log [as resolve] (utils/v2/solver-v3.ts:57:29)
          at Array.forEach (<anonymous>)

  console.log
      Step: Naked Single, Weight: 2.3

      at Function.log [as resolve] (utils/v2/solver-v3.ts:57:29)
          at Array.forEach (<anonymous>)

  console.log
      Step: Naked Single, Weight: 2.3

      at Function.log [as resolve] (utils/v2/solver-v3.ts:57:29)
          at Array.forEach (<anonymous>)

  console.log
      Step: Hidden Single, Weight: 1.2

      at Function.log [as resolve] (utils/v2/solver-v3.ts:57:29)
          at Array.forEach (<anonymous>)

  console.log
      Step: Hidden Single, Weight: 1.2

      at Function.log [as resolve] (utils/v2/solver-v3.ts:57:29)
          at Array.forEach (<anonymous>)

  console.log
      Step: Hidden Single, Weight: 1.2

      at Function.log [as resolve] (utils/v2/solver-v3.ts:57:29)
          at Array.forEach (<anonymous>)

  console.log
      Step: Hidden Single, Weight: 1.2

      at Function.log [as resolve] (utils/v2/solver-v3.ts:57:29)
          at Array.forEach (<anonymous>)

  console.log
      Step: Hidden Single, Weight: 1.2

      at Function.log [as resolve] (utils/v2/solver-v3.ts:57:29)
          at Array.forEach (<anonymous>)

  console.log
      Step: Hidden Single, Weight: 1.2

      at Function.log [as resolve] (utils/v2/solver-v3.ts:57:29)
          at Array.forEach (<anonymous>)

  console.log
      Step: Naked Single, Weight: 2.3

      at Function.log [as resolve] (utils/v2/solver-v3.ts:57:29)
          at Array.forEach (<anonymous>)

  console.log
      Step: Naked Single, Weight: 2.3

      at Function.log [as resolve] (utils/v2/solver-v3.ts:57:29)
          at Array.forEach (<anonymous>)

  console.log
      Step: Hidden Single, Weight: 1.2

      at Function.log [as resolve] (utils/v2/solver-v3.ts:57:29)
          at Array.forEach (<anonymous>)

  console.log
      Step: Naked Single, Weight: 2.3

      at Function.log [as resolve] (utils/v2/solver-v3.ts:57:29)
          at Array.forEach (<anonymous>)

  console.log
      Step: Naked Single, Weight: 2.3

      at Function.log [as resolve] (utils/v2/solver-v3.ts:57:29)
          at Array.forEach (<anonymous>)

  console.log
      Step: Hidden Single, Weight: 1.2

      at Function.log [as resolve] (utils/v2/solver-v3.ts:57:29)
          at Array.forEach (<anonymous>)

  console.log
      Step: Hidden Single, Weight: 1.2

      at Function.log [as resolve] (utils/v2/solver-v3.ts:57:29)
          at Array.forEach (<anonymous>)

  console.log
      Step: Hidden Single, Weight: 1.2

      at Function.log [as resolve] (utils/v2/solver-v3.ts:57:29)
          at Array.forEach (<anonymous>)

  console.log
      Step: Naked Single, Weight: 2.3

      at Function.log [as resolve] (utils/v2/solver-v3.ts:57:29)
          at Array.forEach (<anonymous>)

  console.log
      Step: Naked Single, Weight: 2.3

      at Function.log [as resolve] (utils/v2/solver-v3.ts:57:29)
          at Array.forEach (<anonymous>)

  console.log
      Step: Naked Single, Weight: 2.3

      at Function.log [as resolve] (utils/v2/solver-v3.ts:57:29)
          at Array.forEach (<anonymous>)

  console.log
      Step: Naked Single, Weight: 2.3

      at Function.log [as resolve] (utils/v2/solver-v3.ts:57:29)
          at Array.forEach (<anonymous>)

  console.log
      Step: Naked Single, Weight: 2.3

      at Function.log [as resolve] (utils/v2/solver-v3.ts:57:29)
          at Array.forEach (<anonymous>)

  console.log
      Step: Naked Single, Weight: 2.3

      at Function.log [as resolve] (utils/v2/solver-v3.ts:57:29)
          at Array.forEach (<anonymous>)

  console.log
      Step: Naked Single, Weight: 2.3

      at Function.log [as resolve] (utils/v2/solver-v3.ts:57:29)
          at Array.forEach (<anonymous>)

  console.log
      Step: Naked Single, Weight: 2.3

      at Function.log [as resolve] (utils/v2/solver-v3.ts:57:29)
          at Array.forEach (<anonymous>)

  console.log
      Step: Naked Single, Weight: 2.3

      at Function.log [as resolve] (utils/v2/solver-v3.ts:57:29)
          at Array.forEach (<anonymous>)

  console.log
      Step: Naked Single, Weight: 2.3

      at Function.log [as resolve] (utils/v2/solver-v3.ts:57:29)
          at Array.forEach (<anonymous>)

  console.log
      Step: Naked Single, Weight: 2.3

      at Function.log [as resolve] (utils/v2/solver-v3.ts:57:29)
          at Array.forEach (<anonymous>)

  console.log
      Step: Naked Single, Weight: 2.3

      at Function.log [as resolve] (utils/v2/solver-v3.ts:57:29)
          at Array.forEach (<anonymous>)

  console.log
      Step: Naked Single, Weight: 2.3

      at Function.log [as resolve] (utils/v2/solver-v3.ts:57:29)
          at Array.forEach (<anonymous>)

  console.log
      Step: Naked Single, Weight: 2.3

      at Function.log [as resolve] (utils/v2/solver-v3.ts:57:29)
          at Array.forEach (<anonymous>)

  console.log
      Step: Naked Single, Weight: 2.3

      at Function.log [as resolve] (utils/v2/solver-v3.ts:57:29)
          at Array.forEach (<anonymous>)

  console.log
      Step: Naked Single, Weight: 2.3

      at Function.log [as resolve] (utils/v2/solver-v3.ts:57:29)
          at Array.forEach (<anonymous>)

  console.log
      Step: Naked Single, Weight: 2.3

      at Function.log [as resolve] (utils/v2/solver-v3.ts:57:29)
          at Array.forEach (<anonymous>)

  console.log
      Step: Naked Single, Weight: 2.3

      at Function.log [as resolve] (utils/v2/solver-v3.ts:57:29)
          at Array.forEach (<anonymous>)

  console.log
      Step: Naked Single, Weight: 2.3

      at Function.log [as resolve] (utils/v2/solver-v3.ts:57:29)
          at Array.forEach (<anonymous>)

  console.log
      Step: Naked Single, Weight: 2.3

      at Function.log [as resolve] (utils/v2/solver-v3.ts:57:29)
          at Array.forEach (<anonymous>)

  console.log
      Step: Naked Single, Weight: 2.3

      at Function.log [as resolve] (utils/v2/solver-v3.ts:57:29)
          at Array.forEach (<anonymous>)

  console.log
      Step: Naked Single, Weight: 2.3

      at Function.log [as resolve] (utils/v2/solver-v3.ts:57:29)
          at Array.forEach (<anonymous>)

  console.log
      Step: Naked Single, Weight: 2.3

      at Function.log [as resolve] (utils/v2/solver-v3.ts:57:29)
          at Array.forEach (<anonymous>)

  console.log
      Step: Naked Single, Weight: 2.3

      at Function.log [as resolve] (utils/v2/solver-v3.ts:57:29)
          at Array.forEach (<anonymous>)

  console.log
      Step: Naked Single, Weight: 2.3

      at Function.log [as resolve] (utils/v2/solver-v3.ts:57:29)
          at Array.forEach (<anonymous>)

  console.log
      Step: Naked Single, Weight: 2.3

      at Function.log [as resolve] (utils/v2/solver-v3.ts:57:29)
          at Array.forEach (<anonymous>)

  console.log
      Step: Naked Single, Weight: 2.3

      at Function.log [as resolve] (utils/v2/solver-v3.ts:57:29)
          at Array.forEach (<anonymous>)

  console.log
      Step: Hidden Single, Weight: 1.2

      at Function.log [as resolve] (utils/v2/solver-v3.ts:57:29)
          at Array.forEach (<anonymous>)

  console.log
      No possible steps found! Stopped at SE: 6.5

      at Function.log [as resolve] (utils/v2/solver-v3.ts:38:25)
          at Array.forEach (<anonymous>)

  console.log
    Seed 1:

      at log (utils/v2/__tests__/grading_v3.test.ts:22:21)
          at Array.forEach (<anonymous>)

  console.log
      Forced Rating: 6.6

      at log (utils/v2/__tests__/grading_v3.test.ts:23:21)
          at Array.forEach (<anonymous>)

  console.log
      V3 SE Rating: 6.5

      at log (utils/v2/__tests__/grading_v3.test.ts:24:21)
          at Array.forEach (<anonymous>)

  console.log
      Solved: false

      at log (utils/v2/__tests__/grading_v3.test.ts:25:21)
          at Array.forEach (<anonymous>)

  console.log
      Techniques: AIC (Length 4), AIC (Length 5), Empty Rectangle, Hidden Single, Naked Single, Pointing Pair, X-Chain

      at log (utils/v2/__tests__/grading_v3.test.ts:27:21)
          at Array.forEach (<anonymous>)

node.exe : FAIL utils/v2/__tests__/grading_v3.test.ts
At C:\Program Files\nodejs\npx.ps1:29 char:3
+   & $NODE_EXE $NPX_CLI_JS $args
+   ~~~~~~~~~~~~~~~~~~~~~~~~~~~~~
    + CategoryInfo          : NotSpecified: (FAIL utils/v2/_... 
   ding_v3.test.ts:String) [], RemoteException
    + FullyQualifiedErrorId : NativeCommandError
 
  V3 Grading Accuracy
    ├ù should accurately rate Master seeds above 6.0 SE (308 ms)

  ΓùÅ V3 Grading Accuracy ΓÇ║ should accurately rate Master 
seeds above 6.0 SE

    expect(received).toBe(expected) // Object.is equality

    Expected: true
    Received: false

    [0m [90m 29 |[39m             [90m// Check if V3 found 
something advanced[39m
     [90m 30 |[39m             expect(result[33m.[39mseRatin
g)[33m.[39mtoBeGreaterThanOrEqual([35m6.0[39m)[33m;[39m
    [31m[1m>[22m[39m[90m 31 |[39m             expect(resul
t[33m.[39msolved)[33m.[39mtoBe([36mtrue[39m)[33m;[39m
     [90m    |[39m                                   
[31m[1m^[22m[39m
     [90m 32 |[39m         })[33m;[39m
     [90m 33 |[39m     })[33m;[39m
     [90m 34 |[39m })[33m;[39m[0m

      at toBe (utils/v2/__tests__/grading_v3.test.ts:31:35)
          at Array.forEach (<anonymous>)
      at Object.forEach 
(utils/v2/__tests__/grading_v3.test.ts:20:17)

Test Suites: 1 failed, 1 total
Tests:       1 failed, 1 total
Snapshots:   0 total
Time:        0.562 s, estimated 1 s
Ran all test suites matching 
utils/v2/__tests__/grading_v3.test.ts.
